2026-09-03 02:20:13,016 - Server started on port 8000
2026-09-03 02:20:24,790 - ::1 - - [03/Sep/2026 02:20:24] "GET /index.html HTTP/1.1" 200 -
2026-09-03 02:20:30,043 - ::ffff:127.0.0.1 - - [03/Sep/2026 02:20:30] "GET /index.html HTTP/1.1" 200 -
2026-09-03 02:20:59,748 - ::1 - - [03/Sep/2026 02:20:59] "GET /app.js HTTP/1.1" 200 -
2026-09-03 02:21:16,629 - ::1 - - [03/Sep/2026 02:21:16] "GET /memes/main_room.jpg HTTP/1.1" 200 -
2026-09-03 02:21:41,700 - ::1 - - [03/Sep/2026 02:21:41] "GET / HTTP/1.1" 200 -
2026-09-03 02:21:41,723 - ::1 - - [03/Sep/2026 02:21:41] "GET /app.js HTTP/1.1" 200 -
2026-09-03 02:21:41,782 - ::1 - - [03/Sep/2026 02:21:41] code 404, message File not found
2026-09-03 02:21:41,782 - ::1 - - [03/Sep/2026 02:21:41] "GET /favicon.ico HTTP/1.1" 404 -
2026-09-03 02:21:47,825 - ::1 - - [03/Sep/2026 02:21:47] "GET /memes/laugh%20and%20point%20.jpg HTTP/1.1" 200 -
2026-09-03 02:21:51,134 - ::1 - - [03/Sep/2026 02:21:51] "GET /memes/hand%20stretched%20out,%20palm%20facing%20up%20.jpg HTTP/1.1" 200 -
2026-09-03 02:21:54,191 - ::1 - - [03/Sep/2026 02:21:54] "GET /memes/praise_the_sun.jpg HTTP/1.1" 200 -
2026-09-03 02:21:58,162 - ::1 - - [03/Sep/2026 02:21:58] "GET /memes/laugh%20and%20point%20.jpg HTTP/1.1" 200 -
2026-09-03 02:22:03,072 - ::1 - - [03/Sep/2026 02:22:03] "GET /memes/floor_colapse.jpg HTTP/1.1" 200 -
2026-09-03 02:22:11,163 - ::1 - - [03/Sep/2026 02:22:11] "GET /memes/side%20eye%20cat.jpg HTTP/1.1" 200 -
2026-09-03 02:27:03,750 - Server started on port 8000
2026-09-03 02:27:14,959 - ::1 - - [03/Sep/2026 02:27:14] "GET /app.js HTTP/1.1" 200 -
2026-09-03 02:34:00,735 - ::1 - - [03/Sep/2026 02:34:00] "GET /app.js HTTP/1.1" 200 -
2026-09-03 02:34:08,130 - ::1 - - [03/Sep/2026 02:34:08] "GET /memes/door_locked.jpg HTTP/1.1" 200 -
2026-09-03 02:34:23,910 - ::1 - - [03/Sep/2026 02:34:23] "GET / HTTP/1.1" 200 -
2026-09-03 02:34:23,936 - ::1 - - [03/Sep/2026 02:34:23] "GET /app.js HTTP/1.1" 200 -
2026-09-03 02:34:23,936 - ::1 - - [03/Sep/2026 02:34:23] "GET /memes/main_room.jpg HTTP/1.1" 304 -
2026-09-03 02:34:27,556 - ::1 - - [03/Sep/2026 02:34:27] "GET /memes/hand%20stretched%20out,%20palm%20facing%20up%20.jpg HTTP/1.1" 200 -
2026-09-03 02:34:30,606 - ::1 - - [03/Sep/2026 02:34:30] "GET /memes/main_room.jpg HTTP/1.1" 200 -
2026-09-03 02:34:40,219 - ::1 - - [03/Sep/2026 02:34:40] "GET /memes/side%20eye%20cat.jpg HTTP/1.1" 200 -
2026-09-03 02:34:43,260 - ::1 - - [03/Sep/2026 02:34:43] "GET /memes/main_room.jpg HTTP/1.1" 200 -
2026-09-03 02:34:45,461 - ::1 - - [03/Sep/2026 02:34:45] "GET /memes/side%20eye%20cat.jpg HTTP/1.1" 200 -
2026-09-03 02:34:48,505 - ::1 - - [03/Sep/2026 02:34:48] "GET /memes/main_room.jpg HTTP/1.1" 200 -
2026-09-03 02:34:55,541 - ::1 - - [03/Sep/2026 02:34:55] "GET /memes/hand%20stretched%20out,%20palm%20facing%20up%20.jpg HTTP/1.1" 200 -
2026-09-03 02:34:58,596 - ::1 - - [03/Sep/2026 02:34:58] "GET /memes/main_room.jpg HTTP/1.1" 200 -
2026-09-03 02:34:58,665 - ::1 - - [03/Sep/2026 02:34:58] "GET /memes/hand%20stretched%20out,%20palm%20facing%20up%20.jpg HTTP/1.1" 200 -
2026-09-03 02:35:01,716 - ::1 - - [03/Sep/2026 02:35:01] "GET /memes/main_room.jpg HTTP/1.1" 200 -
2026-09-03 02:35:10,930 - ::1 - - [03/Sep/2026 02:35:10] "GET /memes/hand%20stretched%20out,%20palm%20facing%20up%20.jpg HTTP/1.1" 200 -
2026-09-03 02:35:13,991 - ::1 - - [03/Sep/2026 02:35:13] "GET /memes/main_room.jpg HTTP/1.1" 200 -
2026-09-03 02:35:18,693 - ::1 - - [03/Sep/2026 02:35:18] "GET /memes/hand%20stretched%20out,%20palm%20facing%20up%20.jpg HTTP/1.1" 200 -
2026-09-03 02:35:21,738 - ::1 - - [03/Sep/2026 02:35:21] "GET /memes/main_room.jpg HTTP/1.1" 200 -
2026-09-03 02:35:42,309 - ::1 - - [03/Sep/2026 02:35:42] "GET /memes/hand%20stretched%20out,%20palm%20facing%20up%20.jpg HTTP/1.1" 200 -
2026-09-03 02:35:45,357 - ::1 - - [03/Sep/2026 02:35:45] "GET /memes/main_room.jpg HTTP/1.1" 200 -
2026-09-03 02:35:47,429 - ::1 - - [03/Sep/2026 02:35:47] "GET /memes/hand%20cover%20face%20.jpg HTTP/1.1" 200 -
2026-09-03 02:35:50,476 - ::1 - - [03/Sep/2026 02:35:50] "GET /memes/main_room.jpg HTTP/1.1" 200 -
2026-09-03 02:35:52,469 - ::1 - - [03/Sep/2026 02:35:52] "GET /memes/praise_the_sun.jpg HTTP/1.1" 200 -
2026-09-03 02:35:55,509 - ::1 - - [03/Sep/2026 02:35:55] "GET /memes/hand%20stretched%20out,%20palm%20facing%20up%20.jpg HTTP/1.1" 200 -
2026-09-03 02:35:58,554 - ::1 - - [03/Sep/2026 02:35:58] "GET /memes/main_room.jpg HTTP/1.1" 200 -
2026-09-03 02:36:02,606 - ::1 - - [03/Sep/2026 02:36:02] "GET /memes/side%20eye%20cat.jpg HTTP/1.1" 200 -
2026-09-03 02:36:05,662 - ::1 - - [03/Sep/2026 02:36:05] "GET /memes/main_room.jpg HTTP/1.1" 200 -
2026-09-03 02:36:13,017 - ::1 - - [03/Sep/2026 02:36:13] "GET /memes/side%20eye%20cat.jpg HTTP/1.1" 200 -
2026-09-03 02:36:16,078 - ::1 - - [03/Sep/2026 02:36:16] "GET /memes/main_room.jpg HTTP/1.1" 200 -
2026-09-03 02:38:39,051 - ::1 - - [03/Sep/2026 02:38:39] "GET /app.js HTTP/1.1" 200 -
2026-09-03 02:50:54,731 - ::1 - - [03/Sep/2026 02:50:54] "GET / HTTP/1.1" 200 -
2026-09-03 02:50:54,738 - ::1 - - [03/Sep/2026 02:50:54] "GET /memes/main_room.jpg HTTP/1.1" 200 -
2026-09-03 02:50:54,739 - ::1 - - [03/Sep/2026 02:50:54] "GET /app.js HTTP/1.1" 200 -
2026-09-03 02:51:14,306 - ::1 - - [03/Sep/2026 02:51:14] "GET /memes/praise_the_sun.jpg HTTP/1.1" 200 -
2026-09-03 02:51:17,361 - ::1 - - [03/Sep/2026 02:51:17] "GET /memes/main_room.jpg HTTP/1.1" 200 -
2026-09-03 02:51:57,488 - ::1 - - [03/Sep/2026 02:51:57] "GET /memes/floor_colapse.jpg HTTP/1.1" 200 -
2026-09-03 02:52:00,544 - ::1 - - [03/Sep/2026 02:52:00] "GET /memes/main_room.jpg HTTP/1.1" 200 -
2026-09-03 02:52:22,831 - ::1 - - [03/Sep/2026 02:52:22] "GET /memes/praise_the_sun.jpg HTTP/1.1" 200 -
2026-09-03 02:52:25,880 - ::1 - - [03/Sep/2026 02:52:25] "GET /memes/main_room.jpg HTTP/1.1" 200 -
2026-09-03 02:52:49,904 - ::1 - - [03/Sep/2026 02:52:49] "GET /memes/floor_colapse.jpg HTTP/1.1" 200 -
2026-09-03 02:52:52,960 - ::1 - - [03/Sep/2026 02:52:52] "GET /memes/main_room.jpg HTTP/1.1" 200 -
2026-09-03 02:53:16,974 - ::1 - - [03/Sep/2026 02:53:16] "GET /memes/praise_the_sun.jpg HTTP/1.1" 200 -
2026-09-03 02:53:20,004 - ::1 - - [03/Sep/2026 02:53:20] "GET /memes/main_room.jpg HTTP/1.1" 200 -
2026-09-03 02:53:42,383 - ::1 - - [03/Sep/2026 02:53:42] "GET /memes/floor_colapse.jpg HTTP/1.1" 200 -
2026-09-03 02:53:45,423 - ::1 - - [03/Sep/2026 02:53:45] "GET /memes/main_room.jpg HTTP/1.1" 200 -
2026-09-03 03:08:12,939 - ::1 - - [03/Sep/2026 03:08:12] "GET /memes/floor_colapse.jpg HTTP/1.1" 200 -
2026-09-03 03:08:15,979 - ::1 - - [03/Sep/2026 03:08:15] "GET /memes/main_room.jpg HTTP/1.1" 200 -
